RERUN START Tue Jul 28 05:47:44 PM KST 2026  (main 0316af61)
START IP h24 07-28_17:47
START UR h3 07-28_17:47
END   IP h24 rc=0 07-28_19:11
START UR h9 07-28_19:12
END   UR h3 rc=0 07-28_20:08
START UR h12 07-28_20:08
END   UR h9 rc=0 07-28_21:09
START UR h24 07-28_21:09
END   UR h12 rc=0 07-28_21:57
START INF h1 07-28_21:57
END   UR h24 rc=0 07-28_22:49
START INF h12 07-28_22:49
END   INF h12 rc=0 07-29_00:07
START SPREAD h1 07-29_00:07
END   INF h1 rc=0 07-29_00:12
START SPREAD h12 07-29_00:12
END   SPREAD h12 rc=0 07-29_01:37
START HOUST h3 07-29_01:37
END   SPREAD h1 rc=0 07-29_02:30
END   HOUST h3 rc=0 07-29_04:07
RERUN_ALL_DONE Wed Jul 29 04:07:54 AM KST 2026
